[
    {
        "title": "le title",
        "message": "le message",
        "tags": [
            "tag1",
            "tag2"
        ],
        "click": null,
        "icon": "https://raw.githubusercontent.com/robiningelbrecht/statistics-for-strava/master/public/assets/images/manifest/icon-192.png"
    }
]
